// Jest Snapshot v1, https://goo.gl/fbAQLP

exports[`Components/AppConfig renders without an error" 1`] = `
<div>
  <h2>
    Embrace
  </h2>
  <p>
    The Embrace App is a plugin for Grafana that gives teams an easy way to visualize Embrace dashboards using Embrace Metrics API data powered by Prometheus.
  </p>
  <p>
    Get out-of-the-box Embrace dashboards in minutes with our simple configuration. Enter your Embrace API Token below and click to Enable the Application.
  </p>
  <div
    class="css-1f5gueu"
  >
    <label
      class="css-1pews2r"
    >
      Embrace API Token
    </label>
    <div
      class="css-1rfunm5"
    >
      <div
        class="css-p7rfez-input-wrapper"
        data-testid="input-wrapper"
      >
        <div
          class="css-1w5c5dq-input-inputWrapper"
        >
          <input
            class="css-1wdli31-input-input"
            placeholder="Token"
            value=""
          />
        </div>
      </div>
    </div>
  </div>
  <div
    class="gf-form gf-form-button-row"
  >
    <button
      class="css-1sara2j-button"
      disabled=""
      type="button"
    >
      <span
        class="css-1mhnkuh"
      >
        Enable
      </span>
    </button>
  </div>
</div>
`;
